This is pdfTeX, Version 3.141592653-2.6-1.40.25 (TeX Live 2023/Debian) (preloaded format=pdflatex)
 restricted \write18 enabled.
entering extended mode

(/var/www/clients/client1/web3/web/research-review-en/research/deposit/build/ma
nuscript-peer-review-ieee.tex
LaTeX2e <2023-11-01> patch level 1
L3 programming layer <2024-01-22>

(/var/www/clients/client1/web3/web/research-review-en/research/latex/vendor/IEE
Etran/IEEEtran.cls
Document Class: IEEEtran 2015/08/26 V1.8b by Michael Shell
-- See the "IEEEtran_HOWTO" manual for usage information.
-- http://www.michaelshell.org/tex/ieeetran/
(/usr/share/texlive/texmf-dist/tex/latex/psnfss/ot1ptm.fd)
** ATTENTION: Single column mode is not typically used with IEEE publications.
-- Using 8.5in x 11in (letter) paper.
-- Using PDF output.
-- This is an 11 point document.
) (/usr/share/texlive/texmf-dist/tex/latex/amsmath/amsmath.sty
For additional information on amsmath, use the `?' option.
(/usr/share/texlive/texmf-dist/tex/latex/amsmath/amstext.sty
(/usr/share/texlive/texmf-dist/tex/latex/amsmath/amsgen.sty))
(/usr/share/texlive/texmf-dist/tex/latex/amsmath/amsbsy.sty)
(/usr/share/texlive/texmf-dist/tex/latex/amsmath/amsopn.sty))
(/usr/share/texlive/texmf-dist/tex/latex/amsfonts/amssymb.sty
(/usr/share/texlive/texmf-dist/tex/latex/amsfonts/amsfonts.sty))
(/usr/share/texlive/texmf-dist/tex/generic/iftex/iftex.sty)
(/usr/share/texlive/texmf-dist/tex/latex/base/fontenc.sty
(/usr/share/texlive/texmf-dist/tex/latex/psnfss/t1ptm.fd))
(/usr/share/texlive/texmf-dist/tex/latex/base/inputenc.sty)
(/usr/share/texlive/texmf-dist/tex/latex/base/textcomp.sty)
(/usr/share/texmf/tex/latex/lm/lmodern.sty)
(/usr/share/texlive/texmf-dist/tex/latex/upquote/upquote.sty)
(/usr/share/texlive/texmf-dist/tex/latex/microtype/microtype.sty
(/usr/share/texlive/texmf-dist/tex/latex/graphics/keyval.sty)
(/usr/share/texlive/texmf-dist/tex/latex/etoolbox/etoolbox.sty)
(/usr/share/texlive/texmf-dist/tex/latex/microtype/microtype-pdftex.def)
(/usr/share/texlive/texmf-dist/tex/latex/microtype/microtype.cfg))
(/usr/share/texlive/texmf-dist/tex/latex/parskip/parskip.sty
(/usr/share/texlive/texmf-dist/tex/latex/kvoptions/kvoptions.sty
(/usr/share/texlive/texmf-dist/tex/generic/ltxcmds/ltxcmds.sty)
(/usr/share/texlive/texmf-dist/tex/latex/kvsetkeys/kvsetkeys.sty)))
(/usr/share/texlive/texmf-dist/tex/latex/xcolor/xcolor.sty
(/usr/share/texlive/texmf-dist/tex/latex/graphics-cfg/color.cfg)
(/usr/share/texlive/texmf-dist/tex/latex/graphics-def/pdftex.def)
(/usr/share/texlive/texmf-dist/tex/latex/graphics/mathcolor.ltx))
(/usr/share/texlive/texmf-dist/tex/latex/listings/listings.sty
(/usr/share/texlive/texmf-dist/tex/latex/listings/lstmisc.sty)
(/usr/share/texlive/texmf-dist/tex/latex/listings/listings.cfg))
(/usr/share/texlive/texmf-dist/tex/latex/tools/longtable.sty)
(/usr/share/texlive/texmf-dist/tex/latex/booktabs/booktabs.sty)
(/usr/share/texlive/texmf-dist/tex/latex/tools/array.sty)
(/usr/share/texlive/texmf-dist/tex/latex/tools/calc.sty)
(/usr/share/texlive/texmf-dist/tex/latex/footnotehyper/footnotehyper.sty)
(/usr/share/texlive/texmf-dist/tex/latex/graphics/graphicx.sty
(/usr/share/texlive/texmf-dist/tex/latex/graphics/graphics.sty
(/usr/share/texlive/texmf-dist/tex/latex/graphics/trig.sty)
(/usr/share/texlive/texmf-dist/tex/latex/graphics-cfg/graphics.cfg)))
(/usr/share/texlive/texmf-dist/tex/latex/base/fontenc.sty
(/usr/share/texmf/tex/latex/lm/t1lmr.fd))
(/usr/share/texlive/texmf-dist/tex/latex/listingsutf8/listingsutf8.sty
(/usr/share/texlive/texmf-dist/tex/generic/pdftexcmds/pdftexcmds.sty
(/usr/share/texlive/texmf-dist/tex/generic/infwarerr/infwarerr.sty))
(/usr/share/texlive/texmf-dist/tex/generic/stringenc/stringenc.sty
(/usr/share/texlive/texmf-dist/tex/generic/pdfescape/pdfescape.sty)))
(/usr/share/texlive/texmf-dist/tex/latex/xurl/xurl.sty
(/usr/share/texlive/texmf-dist/tex/latex/url/url.sty))
(/usr/share/texlive/texmf-dist/tex/latex/adjustbox/adjustbox.sty
(/usr/share/texlive/texmf-dist/tex/latex/xkeyval/xkeyval.sty
(/usr/share/texlive/texmf-dist/tex/generic/xkeyval/xkeyval.tex
(/usr/share/texlive/texmf-dist/tex/generic/xkeyval/xkvutils.tex)))
(/usr/share/texlive/texmf-dist/tex/latex/adjustbox/adjcalc.sty)
(/usr/share/texlive/texmf-dist/tex/latex/adjustbox/trimclip.sty
(/usr/share/texlive/texmf-dist/tex/latex/collectbox/collectbox.sty)
(/usr/share/texlive/texmf-dist/tex/latex/adjustbox/tc-pdftex.def))
(/usr/share/texlive/texmf-dist/tex/latex/ifoddpage/ifoddpage.sty)
(/usr/share/texlive/texmf-dist/tex/latex/varwidth/varwidth.sty))
(/usr/share/texlive/texmf-dist/tex/latex/pdflscape/pdflscape.sty
(/usr/share/texlive/texmf-dist/tex/latex/pdflscape/pdflscape-nometadata.sty
(/usr/share/texlive/texmf-dist/tex/latex/graphics/lscape.sty)))
(/usr/share/texlive/texmf-dist/tex/latex/tools/tabularx.sty)
(/usr/share/texlive/texmf-dist/tex/latex/ragged2e/ragged2e.sty)
(/usr/share/texlive/texmf-dist/tex/latex/seqsplit/seqsplit.sty)
(/usr/share/texlive/texmf-dist/tex/latex/bookmark/bookmark.sty
(/usr/share/texlive/texmf-dist/tex/latex/hyperref/hyperref.sty
(/usr/share/texlive/texmf-dist/tex/generic/kvdefinekeys/kvdefinekeys.sty)
(/usr/share/texlive/texmf-dist/tex/latex/hycolor/hycolor.sty)
(/usr/share/texlive/texmf-dist/tex/latex/auxhook/auxhook.sty)
(/usr/share/texlive/texmf-dist/tex/latex/hyperref/nameref.sty
(/usr/share/texlive/texmf-dist/tex/latex/refcount/refcount.sty)
(/usr/share/texlive/texmf-dist/tex/generic/gettitlestring/gettitlestring.sty))
(/usr/share/texlive/texmf-dist/tex/latex/hyperref/pd1enc.def)
(/usr/share/texlive/texmf-dist/tex/generic/intcalc/intcalc.sty)
(/usr/share/texlive/texmf-dist/tex/latex/hyperref/puenc.def)
(/usr/share/texlive/texmf-dist/tex/generic/bitset/bitset.sty
(/usr/share/texlive/texmf-dist/tex/generic/bigintcalc/bigintcalc.sty))
(/usr/share/texlive/texmf-dist/tex/latex/base/atbegshi-ltx.sty))
(/usr/share/texlive/texmf-dist/tex/latex/hyperref/hpdftex.def
(/usr/share/texlive/texmf-dist/tex/latex/base/atveryend-ltx.sty)
(/usr/share/texlive/texmf-dist/tex/latex/rerunfilecheck/rerunfilecheck.sty
(/usr/share/texlive/texmf-dist/tex/generic/uniquecounter/uniquecounter.sty)))
(/usr/share/texlive/texmf-dist/tex/latex/bookmark/bkm-pdftex.def))
(/usr/share/texlive/texmf-dist/tex/latex/l3backend/l3backend-pdftex.def)
(/var/www/clients/client1/web3/web/research-review-en/research/deposit/build/ma
nuscript-peer-review-ieee.aux)
-- Lines per column: 52 (exact).
(/usr/share/texlive/texmf-dist/tex/latex/microtype/mt-cmr.cfg)
(/usr/share/texlive/texmf-dist/tex/context/base/mkii/supp-pdf.mkii
[Loading MPS to PDF converter (version 2006.09.02).]
) (/usr/share/texlive/texmf-dist/tex/latex/epstopdf-pkg/epstopdf-base.sty
(/usr/share/texlive/texmf-dist/tex/latex/latexconfig/epstopdf-sys.cfg))
(/usr/share/texmf/tex/latex/lm/ts1lmr.fd)
(/usr/share/texmf/tex/latex/lm/t1lmtt.fd)
(/usr/share/texmf/tex/latex/lm/ot1lmr.fd)
(/usr/share/texmf/tex/latex/lm/omllmm.fd)
(/usr/share/texmf/tex/latex/lm/omslmsy.fd)
(/usr/share/texmf/tex/latex/lm/omxlmex.fd)
(/usr/share/texlive/texmf-dist/tex/latex/amsfonts/umsa.fd)
(/usr/share/texlive/texmf-dist/tex/latex/microtype/mt-msa.cfg)
(/usr/share/texlive/texmf-dist/tex/latex/amsfonts/umsb.fd)
(/usr/share/texlive/texmf-dist/tex/latex/microtype/mt-msb.cfg) [0{/var/lib/texm
f/fonts/map/pdftex/updmap/pdftex.map}{/usr/share/texmf/fonts/enc/dvips/lm/lm-ec
.enc}{/usr/share/texmf/fonts/enc/dvips/lm/lm-ts1.enc}{/usr/share/texmf/fonts/en
c/dvips/lm/lm-rm.enc}{/usr/share/texmf/fonts/enc/dvips/lm/lm-mathit.enc}]
[1] [2 <./research/peer-review/figures-png/fig01-paradigm-shift.png> <./researc
h/peer-review/figures-png/fig06-benchmark-freshness.png>]
Underfull \hbox (badness 10000) in paragraph at lines 471--477


Underfull \hbox (badness 10000) in paragraph at lines 477--480

[3{/usr/share/texmf/fonts/enc/dvips/lm/lm-mathsy.enc} <./research/peer-review/f
igures-png/fig02-system-architecture.png>]
Underfull \hbox (badness 2213) in paragraph at lines 516--520
[]\T1/lmr/m/n/11 (+20) Let $[][] \OT1/lmr/m/n/11 (+20) = []([]\OML/lmm/m/it/11 
; \OT1/lmr/m/n/11 (+20) 0\OML/lmm/m/it/11 ; \OT1/lmr/m/n/11 (+20) 100)$\T1/lmr/
m/n/11 (+20) . With di-rec-tion flag ``higher raw is worse'', $[][] \OT1/lmr/m/
n/11 (+20) =
[4{/usr/share/texmf/fonts/enc/dvips/lm/lm-mathex.enc}]
(/usr/share/texmf/tex/latex/lm/ts1lmtt.fd) [5]
Underfull \hbox (badness 10000) in paragraph at lines 710--718
\T1/lmr/m/n/11 (+20) to the Layer[]4 keys $[]$, $[]$,
[6 <./research/peer-review/figures-png/fig03-nfsi-layers.png>]
Underfull \hbox (badness 10000) in alignment at lines 778--788
[] [] []

Underfull \hbox (badness 10000) in alignment at lines 788--790
[] [] []

Underfull \hbox (badness 10000) in alignment at lines 790--797
[] [] []
[7 <./research/peer-review/figures-png/fig05-stress-fault-tree.png>]
Underfull \hbox (badness 10000) in paragraph at lines 962--966
[][][][][][][][][][][][][][][][][][][][][][][][][][][][][][][][][][][][][][][][
][][][][][][]\T1/lmr/m/n/11 (+20) )
[8]
Underfull \hbox (badness 10000) in alignment at lines 976--986
[] [] []

Underfull \hbox (badness 10000) in alignment at lines 986--988
[] [] []

Underfull \hbox (badness 10000) in alignment at lines 988--1007
[] [] []

Overfull \hbox (6.3263pt too wide) in alignment at lines 1051--1054
[] [] [] [] [] []

Underfull \hbox (badness 10000) in paragraph at lines 1055--1055
[]|\T1/lmr/m/n/9 (+20) ACLED-style event fields

Underfull \hbox (badness 10000) in paragraph at lines 1055--1055
\T1/lmr/m/n/9 (+20) (\T1/lmtt/m/n/9 fatalities \T1/lmr/m/n/9 (+20) + event-type


Underfull \hbox (badness 2042) in paragraph at lines 1055--1056
[]|\T1/lmr/m/n/9 (+20) ACLED / fil-tered, ag-gre-

Underfull \hbox (badness 10000) in paragraph at lines 1056--1056
[]|\T1/lmr/m/n/9 (+20) ACLED-style event fields

Underfull \hbox (badness 10000) in paragraph at lines 1056--1056
\T1/lmr/m/n/9 (+20) (\T1/lmtt/m/n/9 fatalities \T1/lmr/m/n/9 (+20) + event-type


Underfull \hbox (badness 2042) in paragraph at lines 1056--1057
[]|\T1/lmr/m/n/9 (+20) ACLED / fil-tered, ag-gre-

Underfull \hbox (badness 2689) in paragraph at lines 1061--1062
[]|\T1/lmr/m/n/9 (+20) Cloudflare Terms of Use;

Underfull \hbox (badness 2689) in paragraph at lines 1063--1064
[]|\T1/lmr/m/n/9 (+20) Cloudflare Terms of Use;

Underfull \hbox (badness 2818) in paragraph at lines 1067--1067
[]|\T1/lmtt/m/n/9 value \T1/lmr/m/n/9 (+20) field for WB in-di-ca-tor

Underfull \hbox (badness 2818) in paragraph at lines 1068--1068
[]|\T1/lmtt/m/n/9 value \T1/lmr/m/n/9 (+20) field for WB in-di-ca-tor

Underfull \hbox (badness 2818) in paragraph at lines 1069--1069
[]|\T1/lmtt/m/n/9 value \T1/lmr/m/n/9 (+20) field for WB in-di-ca-tor

Underfull \hbox (badness 2818) in paragraph at lines 1070--1070
[]|\T1/lmtt/m/n/9 value \T1/lmr/m/n/9 (+20) field for WB in-di-ca-tor

Underfull \hbox (badness 2818) in paragraph at lines 1073--1073
[]|\T1/lmtt/m/n/9 value \T1/lmr/m/n/9 (+20) field for WB in-di-ca-tor

Underfull \hbox (badness 2818) in paragraph at lines 1074--1074
[]|\T1/lmtt/m/n/9 value \T1/lmr/m/n/9 (+20) field for WB in-di-ca-tor

Underfull \hbox (badness 2818) in paragraph at lines 1075--1075
[]|\T1/lmtt/m/n/9 value \T1/lmr/m/n/9 (+20) field for WB in-di-ca-tor

Underfull \hbox (badness 2818) in paragraph at lines 1076--1076
[]|\T1/lmtt/m/n/9 value \T1/lmr/m/n/9 (+20) field for WB in-di-ca-tor

Underfull \hbox (badness 2818) in paragraph at lines 1077--1077
[]|\T1/lmtt/m/n/9 value \T1/lmr/m/n/9 (+20) field for WB in-di-ca-tor

Underfull \hbox (badness 2818) in paragraph at lines 1078--1078
[]|\T1/lmtt/m/n/9 value \T1/lmr/m/n/9 (+20) field for WB in-di-ca-tor

Underfull \hbox (badness 2818) in paragraph at lines 1079--1079
[]|\T1/lmtt/m/n/9 value \T1/lmr/m/n/9 (+20) field for WB in-di-ca-tor

Underfull \hbox (badness 2818) in paragraph at lines 1080--1080
[]|\T1/lmtt/m/n/9 value \T1/lmr/m/n/9 (+20) field for WB in-di-ca-tor

Underfull \hbox (badness 2818) in paragraph at lines 1081--1081
[]|\T1/lmtt/m/n/9 value \T1/lmr/m/n/9 (+20) field for WB in-di-ca-tor

Underfull \hbox (badness 2818) in paragraph at lines 1082--1082
[]|\T1/lmtt/m/n/9 value \T1/lmr/m/n/9 (+20) field for WB in-di-ca-tor

Underfull \hbox (badness 2818) in paragraph at lines 1083--1083
[]|\T1/lmtt/m/n/9 value \T1/lmr/m/n/9 (+20) field for WB in-di-ca-tor

Underfull \hbox (badness 2818) in paragraph at lines 1084--1084
[]|\T1/lmtt/m/n/9 value \T1/lmr/m/n/9 (+20) field for WB in-di-ca-tor

Underfull \hbox (badness 10000) in paragraph at lines 1087--1088
[]|\T1/lmr/m/n/9 (+20) GDACS Terms of Use;

Underfull \hbox (badness 10000) in paragraph at lines 1088--1089
[]|\T1/lmr/m/n/9 (+20) Refer to Source Link;

Underfull \hbox (badness 10000) in paragraph at lines 1089--1090
[]|\T1/lmr/m/n/9 (+20) Refer to Source Link;

Underfull \hbox (badness 10000) in paragraph at lines 1090--1091
[]|\T1/lmr/m/n/9 (+20) Refer to Source Link;

Underfull \hbox (badness 10000) in paragraph at lines 1091--1092
[]|\T1/lmr/m/n/9 (+20) Refer to Source Link;

Underfull \hbox (badness 10000) in paragraph at lines 1092--1093
[]|\T1/lmr/m/n/9 (+20) Refer to Source Link;

Underfull \hbox (badness 10000) in paragraph at lines 1093--1094
[]|\T1/lmr/m/n/9 (+20) Refer to Source Link;

Underfull \hbox (badness 5475) in paragraph at lines 1094--1095
\T1/lmr/m/n/9 (+20) - Pub-lic Do-main (DOJ);

Underfull \hbox (badness 10000) in paragraph at lines 1097--1098
[]|\T1/lmr/m/n/9 (+20) Internal pro-cess-ing for

Underfull \hbox (badness 10000) in paragraph at lines 1097--1098
\T1/lmr/m/n/9 (+20) Na-tion-Files In-tel-li-gence;

Overfull \hbox (2.82463pt too wide) in paragraph at lines 1099--1099
[]|\T1/lmr/m/n/9 (-20) NfRawNewsSignalsEventRisk| 

Underfull \hbox (badness 10000) in paragraph at lines 1102--1103
[]|\T1/lmr/m/n/9 (+20) Refer to Source Link;

Underfull \hbox (badness 10000) in paragraph at lines 1103--1104
[]|\T1/lmr/m/n/9 (+20) Refer to Source Link;

Underfull \hbox (badness 10000) in paragraph at lines 1104--1105
[]|\T1/lmr/m/n/9 (+20) U.S. Gov-ern-ment Work;

Overfull \hbox (39.95456pt too wide) in paragraph at lines 1106--1106
[]|\T1/lmr/m/n/9 (-20) warning,partial_warning,situation_warning| 

Underfull \hbox (badness 10000) in paragraph at lines 1106--1107
[]|\T1/lmr/m/n/9 (+20) Refer to Source Link;

Underfull \hbox (badness 10000) in paragraph at lines 1107--1108
[]|\T1/lmr/m/n/9 (+20) Refer to Source Link;

Underfull \hbox (badness 10000) in paragraph at lines 1109--1110
[]|\T1/lmr/m/n/9 (+20) USGS Pub-lic Do-main;

Underfull \hbox (badness 10000) in paragraph at lines 1110--1111
[]|\T1/lmr/m/n/9 (+20) Refer to repos-i-tory;

Overfull \hbox (6.3263pt too wide) in alignment at lines 1054--1111
[] [] [] [] [] []
[9] [10] [11]
Underfull \hbox (badness 10000) in paragraph at lines 1139--1142


Underfull \hbox (badness 10000) in paragraph at lines 1142--1145

[12]
Overfull \hbox (8.75752pt too wide) in paragraph at lines 1363--1363
[]|[] 
[13]
Underfull \hbox (badness 10000) in alignment at lines 1418--1422
[] [] []

Underfull \hbox (badness 10000) in alignment at lines 1422--1424
[] [] []

Underfull \hbox (badness 10000) in alignment at lines 1424--1427
[] [] []

Underfull \hbox (badness 10000) in alignment at lines 1460--1470
[] [] []

Underfull \hbox (badness 10000) in alignment at lines 1470--1472
[] [] []

Underfull \hbox (badness 10000) in alignment at lines 1472--1479
[] [] []

Underfull \hbox (badness 10000) in alignment at lines 1499--1509
[] [] []

Underfull \hbox (badness 10000) in alignment at lines 1509--1511
[] [] []

Underfull \hbox (badness 10000) in alignment at lines 1511--1518
[] [] []
[14]
Underfull \hbox (badness 10000) in alignment at lines 1538--1552
[] [] [] [] []

Underfull \hbox (badness 10000) in alignment at lines 1552--1554
[] [] [] [] []

Underfull \hbox (badness 10000) in alignment at lines 1554--1570
[] [] [] [] []
[15] [16 <./research/peer-review/figures-png/fig08-sensitivity-mean-abs.png>]
[17] [18] [19] [20] [21] [22]
Overfull \hbox (7.6778pt too wide) in alignment at lines 2364--2367
[] [] [] []

Overfull \hbox (7.6778pt too wide) in alignment at lines 2367--2381
[] [] [] []

Overfull \hbox (7.6778pt too wide) in alignment at lines 2393--2396
[] [] [] []

Overfull \hbox (7.6778pt too wide) in alignment at lines 2396--2417
[] [] [] []
[23]
Overfull \hbox (7.6778pt too wide) in alignment at lines 2429--2432
[] [] [] []

Overfull \hbox (7.6778pt too wide) in alignment at lines 2432--2437
[] [] [] []
[24] [25]
Underfull \hbox (badness 10000) in alignment at lines 2561--2571
[] [] []

Underfull \hbox (badness 10000) in alignment at lines 2571--2573
[] [] []

Underfull \hbox (badness 10000) in alignment at lines 2573--2591
[] [] []
[26]
Underfull \hbox (badness 10000) in alignment at lines 2626--2636
[] [] []

Underfull \hbox (badness 10000) in alignment at lines 2636--2638
[] [] []

Overfull \hbox (46.92517pt too wide) in paragraph at lines 2669--2670
[][] 

Overfull \hbox (28.0252pt too wide) in paragraph at lines 2703--2704
[][] 

Overfull \hbox (42.20018pt too wide) in paragraph at lines 2706--2707
[][] 

Overfull \hbox (9.12524pt too wide) in paragraph at lines 2709--2710
[][] 

Overfull \hbox (9.12524pt too wide) in paragraph at lines 2712--2713
[][] 

Overfull \hbox (42.20018pt too wide) in paragraph at lines 2752--2753
[][] 

Overfull \hbox (18.57523pt too wide) in paragraph at lines 2755--2756
[][] 

Overfull \hbox (18.57523pt too wide) in paragraph at lines 2758--2759
[][] 

Overfull \hbox (32.7502pt too wide) in paragraph at lines 2761--2762
[][] 

Underfull \hbox (badness 10000) in alignment at lines 2638--2778
[] [] []
[27] [28] [29]
(/var/www/clients/client1/web3/web/research-review-en/research/deposit/build/ma
nuscript-peer-review-ieee.aux) )
(see the transcript file for additional information)</usr/share/texmf/fonts/typ
e1/public/lm/lmbx12.pfb></usr/share/texmf/fonts/type1/public/lm/lmbx9.pfb></usr
/share/texmf/fonts/type1/public/lm/lmbxi10.pfb></usr/share/texmf/fonts/type1/pu
blic/lm/lmcsc10.pfb></usr/share/texmf/fonts/type1/public/lm/lmex10.pfb></usr/sh
are/texmf/fonts/type1/public/lm/lmmi12.pfb></usr/share/texmf/fonts/type1/public
/lm/lmmi6.pfb></usr/share/texmf/fonts/type1/public/lm/lmmi8.pfb></usr/share/tex
mf/fonts/type1/public/lm/lmmi9.pfb></usr/share/texmf/fonts/type1/public/lm/lmr1
2.pfb></usr/share/texmf/fonts/type1/public/lm/lmr17.pfb></usr/share/texmf/fonts
/type1/public/lm/lmr6.pfb></usr/share/texmf/fonts/type1/public/lm/lmr8.pfb></us
r/share/texmf/fonts/type1/public/lm/lmr9.pfb></usr/share/texmf/fonts/type1/publ
ic/lm/lmri12.pfb></usr/share/texmf/fonts/type1/public/lm/lmsy10.pfb></usr/share
/texmf/fonts/type1/public/lm/lmsy6.pfb></usr/share/texmf/fonts/type1/public/lm/
lmsy8.pfb></usr/share/texmf/fonts/type1/public/lm/lmsy9.pfb></usr/share/texmf/f
onts/type1/public/lm/lmtk10.pfb></usr/share/texmf/fonts/type1/public/lm/lmtt12.
pfb></usr/share/texmf/fonts/type1/public/lm/lmtt9.pfb></usr/share/texmf/fonts/t
ype1/public/lm/lmtti10.pfb>
Output written on /var/www/clients/client1/web3/web/research-review-en/research
/deposit/build/manuscript-peer-review-ieee.pdf (30 pages, 759610 bytes).
Transcript written on /var/www/clients/client1/web3/web/research-review-en/rese
arch/deposit/build/manuscript-peer-review-ieee.log.
