This is pdfTeX, Version 3.141592653-2.6-1.40.25 (TeX Live 2023/Debian) (preloaded format=pdflatex 2026.5.5)  6 MAY 2026 14:09
entering extended mode
 restricted \write18 enabled.
 %&-line parsing enabled.
**/var/www/clients/client1/web3/web/research-review-en/research/deposit/build/m
anuscript-peer-review-ieee.tex

(/var/www/clients/client1/web3/web/research-review-en/research/deposit/build/ma
nuscript-peer-review-ieee.tex
LaTeX2e <2023-11-01> patch level 1
L3 programming layer <2024-01-22>

(/var/www/clients/client1/web3/web/research-review-en/research/latex/vendor/IEE
Etran/IEEEtran.cls
Document Class: IEEEtran 2015/08/26 V1.8b by Michael Shell
-- See the "IEEEtran_HOWTO" manual for usage information.
-- http://www.michaelshell.org/tex/ieeetran/
\@IEEEtrantmpdimenA=\dimen140
\@IEEEtrantmpdimenB=\dimen141
\@IEEEtrantmpdimenC=\dimen142
\@IEEEtrantmpcountA=\count187
\@IEEEtrantmpcountB=\count188
\@IEEEtrantmpcountC=\count189
\@IEEEtrantmptoksA=\toks17
LaTeX Font Info:    Trying to load font information for OT1+ptm on input line 5
03.
(/usr/share/texlive/texmf-dist/tex/latex/psnfss/ot1ptm.fd
File: ot1ptm.fd 2001/06/04 font definitions for OT1/ptm.
)
** ATTENTION: Single column mode is not typically used with IEEE publications.
-- Using 8.5in x 11in (letter) paper.
-- Using PDF output.
\@IEEEnormalsizeunitybaselineskip=\dimen143
-- This is an 11 point document.
\CLASSINFOnormalsizebaselineskip=\dimen144
\CLASSINFOnormalsizeunitybaselineskip=\dimen145
\IEEEnormaljot=\dimen146
LaTeX Font Info:    Font shape `OT1/ptm/bx/n' in size <6> not available
(Font)              Font shape `OT1/ptm/b/n' tried instead on input line 1090.
LaTeX Font Info:    Font shape `OT1/ptm/bx/it' in size <6> not available
(Font)              Font shape `OT1/ptm/b/it' tried instead on input line 1090.

LaTeX Font Info:    Font shape `OT1/ptm/bx/n' in size <8> not available
(Font)              Font shape `OT1/ptm/b/n' tried instead on input line 1090.
LaTeX Font Info:    Font shape `OT1/ptm/bx/it' in size <8> not available
(Font)              Font shape `OT1/ptm/b/it' tried instead on input line 1090.

LaTeX Font Info:    Font shape `OT1/ptm/bx/n' in size <9> not available
(Font)              Font shape `OT1/ptm/b/n' tried instead on input line 1090.
LaTeX Font Info:    Font shape `OT1/ptm/bx/it' in size <9> not available
(Font)              Font shape `OT1/ptm/b/it' tried instead on input line 1090.

LaTeX Font Info:    Font shape `OT1/ptm/bx/n' in size <10> not available
(Font)              Font shape `OT1/ptm/b/n' tried instead on input line 1090.
LaTeX Font Info:    Font shape `OT1/ptm/bx/it' in size <10> not available
(Font)              Font shape `OT1/ptm/b/it' tried instead on input line 1090.

LaTeX Font Info:    Font shape `OT1/ptm/bx/n' in size <11> not available
(Font)              Font shape `OT1/ptm/b/n' tried instead on input line 1090.
LaTeX Font Info:    Font shape `OT1/ptm/bx/it' in size <11> not available
(Font)              Font shape `OT1/ptm/b/it' tried instead on input line 1090.

LaTeX Font Info:    Font shape `OT1/ptm/bx/n' in size <12> not available
(Font)              Font shape `OT1/ptm/b/n' tried instead on input line 1090.
LaTeX Font Info:    Font shape `OT1/ptm/bx/it' in size <12> not available
(Font)              Font shape `OT1/ptm/b/it' tried instead on input line 1090.

LaTeX Font Info:    Font shape `OT1/ptm/bx/n' in size <17> not available
(Font)              Font shape `OT1/ptm/b/n' tried instead on input line 1090.
LaTeX Font Info:    Font shape `OT1/ptm/bx/it' in size <17> not available
(Font)              Font shape `OT1/ptm/b/it' tried instead on input line 1090.

LaTeX Font Info:    Font shape `OT1/ptm/bx/n' in size <20> not available
(Font)              Font shape `OT1/ptm/b/n' tried instead on input line 1090.
LaTeX Font Info:    Font shape `OT1/ptm/bx/it' in size <20> not available
(Font)              Font shape `OT1/ptm/b/it' tried instead on input line 1090.

LaTeX Font Info:    Font shape `OT1/ptm/bx/n' in size <24> not available
(Font)              Font shape `OT1/ptm/b/n' tried instead on input line 1090.
LaTeX Font Info:    Font shape `OT1/ptm/bx/it' in size <24> not available
(Font)              Font shape `OT1/ptm/b/it' tried instead on input line 1090.

\IEEEquantizedlength=\dimen147
\IEEEquantizedlengthdiff=\dimen148
\IEEEquantizedtextheightdiff=\dimen149
\IEEEilabelindentA=\dimen150
\IEEEilabelindentB=\dimen151
\IEEEilabelindent=\dimen152
\IEEEelabelindent=\dimen153
\IEEEdlabelindent=\dimen154
\IEEElabelindent=\dimen155
\IEEEiednormlabelsep=\dimen156
\IEEEiedmathlabelsep=\dimen157
\IEEEiedtopsep=\skip48
\c@section=\count190
\c@subsection=\count191
\c@subsubsection=\count192
\c@paragraph=\count193
\c@IEEEsubequation=\count194
\abovecaptionskip=\skip49
\belowcaptionskip=\skip50
\c@figure=\count195
\c@table=\count196
\@IEEEeqnnumcols=\count197
\@IEEEeqncolcnt=\count198
\@IEEEsubeqnnumrollback=\count199
\@IEEEquantizeheightA=\dimen158
\@IEEEquantizeheightB=\dimen159
\@IEEEquantizeheightC=\dimen160
\@IEEEquantizeprevdepth=\dimen161
\@IEEEquantizemultiple=\count266
\@IEEEquantizeboxA=\box51
\@IEEEtmpitemindent=\dimen162
\IEEEPARstartletwidth=\dimen163
\c@IEEEbiography=\count267
\@IEEEtranrubishbin=\box52
) (/usr/share/texlive/texmf-dist/tex/latex/amsmath/amsmath.sty
Package: amsmath 2023/05/13 v2.17o AMS math features
\@mathmargin=\skip51

For additional information on amsmath, use the `?' option.
(/usr/share/texlive/texmf-dist/tex/latex/amsmath/amstext.sty
Package: amstext 2021/08/26 v2.01 AMS text

(/usr/share/texlive/texmf-dist/tex/latex/amsmath/amsgen.sty
File: amsgen.sty 1999/11/30 v2.0 generic functions
\@emptytoks=\toks18
\ex@=\dimen164
))
(/usr/share/texlive/texmf-dist/tex/latex/amsmath/amsbsy.sty
Package: amsbsy 1999/11/29 v1.2d Bold Symbols
\pmbraise@=\dimen165
)
(/usr/share/texlive/texmf-dist/tex/latex/amsmath/amsopn.sty
Package: amsopn 2022/04/08 v2.04 operator names
)
\inf@bad=\count268
LaTeX Info: Redefining \frac on input line 234.
\uproot@=\count269
\leftroot@=\count270
LaTeX Info: Redefining \overline on input line 399.
LaTeX Info: Redefining \colon on input line 410.
\classnum@=\count271
\DOTSCASE@=\count272
LaTeX Info: Redefining \ldots on input line 496.
LaTeX Info: Redefining \dots on input line 499.
LaTeX Info: Redefining \cdots on input line 620.
\Mathstrutbox@=\box53
\strutbox@=\box54
LaTeX Info: Redefining \big on input line 722.
LaTeX Info: Redefining \Big on input line 723.
LaTeX Info: Redefining \bigg on input line 724.
LaTeX Info: Redefining \Bigg on input line 725.
\big@size=\dimen166
LaTeX Font Info:    Redeclaring font encoding OML on input line 743.
LaTeX Font Info:    Redeclaring font encoding OMS on input line 744.
\macc@depth=\count273
LaTeX Info: Redefining \bmod on input line 905.
LaTeX Info: Redefining \pmod on input line 910.
LaTeX Info: Redefining \smash on input line 940.
LaTeX Info: Redefining \relbar on input line 970.
LaTeX Info: Redefining \Relbar on input line 971.
\c@MaxMatrixCols=\count274
\dotsspace@=\muskip16
\c@parentequation=\count275
\dspbrk@lvl=\count276
\tag@help=\toks19
\row@=\count277
\column@=\count278
\maxfields@=\count279
\andhelp@=\toks20
\eqnshift@=\dimen167
\alignsep@=\dimen168
\tagshift@=\dimen169
\tagwidth@=\dimen170
\totwidth@=\dimen171
\lineht@=\dimen172
\@envbody=\toks21
\multlinegap=\skip52
\multlinetaggap=\skip53
\mathdisplay@stack=\toks22
LaTeX Info: Redefining \[ on input line 2953.
LaTeX Info: Redefining \] on input line 2954.
)
(/usr/share/texlive/texmf-dist/tex/latex/amsfonts/amssymb.sty
Package: amssymb 2013/01/14 v3.01 AMS font symbols

(/usr/share/texlive/texmf-dist/tex/latex/amsfonts/amsfonts.sty
Package: amsfonts 2013/01/14 v3.01 Basic AMSFonts support
\symAMSa=\mathgroup4
\symAMSb=\mathgroup5
LaTeX Font Info:    Redeclaring math symbol \hbar on input line 98.
LaTeX Font Info:    Overwriting math alphabet `\mathfrak' in version `bold'
(Font)                  U/euf/m/n --> U/euf/b/n on input line 106.
))
(/usr/share/texlive/texmf-dist/tex/generic/iftex/iftex.sty
Package: iftex 2022/02/03 v1.0f TeX engine tests
)
(/usr/share/texlive/texmf-dist/tex/latex/base/fontenc.sty
Package: fontenc 2021/04/29 v2.0v Standard LaTeX package
LaTeX Font Info:    Trying to load font information for T1+ptm on input line 11
2.

(/usr/share/texlive/texmf-dist/tex/latex/psnfss/t1ptm.fd
File: t1ptm.fd 2001/06/04 font definitions for T1/ptm.
))
(/usr/share/texlive/texmf-dist/tex/latex/base/inputenc.sty
Package: inputenc 2021/02/14 v1.3d Input encoding file
\inpenc@prehook=\toks23
\inpenc@posthook=\toks24
)
(/usr/share/texlive/texmf-dist/tex/latex/base/textcomp.sty
Package: textcomp 2020/02/02 v2.0n Standard LaTeX package
)
(/usr/share/texmf/tex/latex/lm/lmodern.sty
Package: lmodern 2015/05/01 v1.6.1 Latin Modern Fonts
LaTeX Font Info:    Overwriting symbol font `operators' in version `normal'
(Font)                  OT1/cmr/m/n --> OT1/lmr/m/n on input line 22.
LaTeX Font Info:    Overwriting symbol font `letters' in version `normal'
(Font)                  OML/cmm/m/it --> OML/lmm/m/it on input line 23.
LaTeX Font Info:    Overwriting symbol font `symbols' in version `normal'
(Font)                  OMS/cmsy/m/n --> OMS/lmsy/m/n on input line 24.
LaTeX Font Info:    Overwriting symbol font `largesymbols' in version `normal'
(Font)                  OMX/cmex/m/n --> OMX/lmex/m/n on input line 25.
LaTeX Font Info:    Overwriting symbol font `operators' in version `bold'
(Font)                  OT1/cmr/bx/n --> OT1/lmr/bx/n on input line 26.
LaTeX Font Info:    Overwriting symbol font `letters' in version `bold'
(Font)                  OML/cmm/b/it --> OML/lmm/b/it on input line 27.
LaTeX Font Info:    Overwriting symbol font `symbols' in version `bold'
(Font)                  OMS/cmsy/b/n --> OMS/lmsy/b/n on input line 28.
LaTeX Font Info:    Overwriting symbol font `largesymbols' in version `bold'
(Font)                  OMX/cmex/m/n --> OMX/lmex/m/n on input line 29.
LaTeX Font Info:    Overwriting math alphabet `\mathbf' in version `normal'
(Font)                  OT1/cmr/bx/n --> OT1/lmr/bx/n on input line 31.
LaTeX Font Info:    Overwriting math alphabet `\mathsf' in version `normal'
(Font)                  OT1/cmss/m/n --> OT1/lmss/m/n on input line 32.
LaTeX Font Info:    Overwriting math alphabet `\mathit' in version `normal'
(Font)                  OT1/cmr/m/it --> OT1/lmr/m/it on input line 33.
LaTeX Font Info:    Overwriting math alphabet `\mathtt' in version `normal'
(Font)                  OT1/cmtt/m/n --> OT1/lmtt/m/n on input line 34.
LaTeX Font Info:    Overwriting math alphabet `\mathbf' in version `bold'
(Font)                  OT1/cmr/bx/n --> OT1/lmr/bx/n on input line 35.
LaTeX Font Info:    Overwriting math alphabet `\mathsf' in version `bold'
(Font)                  OT1/cmss/bx/n --> OT1/lmss/bx/n on input line 36.
LaTeX Font Info:    Overwriting math alphabet `\mathit' in version `bold'
(Font)                  OT1/cmr/bx/it --> OT1/lmr/bx/it on input line 37.
LaTeX Font Info:    Overwriting math alphabet `\mathtt' in version `bold'
(Font)                  OT1/cmtt/m/n --> OT1/lmtt/m/n on input line 38.
)
(/usr/share/texlive/texmf-dist/tex/latex/upquote/upquote.sty
Package: upquote 2012/04/19 v1.3 upright-quote and grave-accent glyphs in verba
tim
)
(/usr/share/texlive/texmf-dist/tex/latex/microtype/microtype.sty
Package: microtype 2023/03/13 v3.1a Micro-typographical refinements (RS)

(/usr/share/texlive/texmf-dist/tex/latex/graphics/keyval.sty
Package: keyval 2022/05/29 v1.15 key=value parser (DPC)
\KV@toks@=\toks25
)
(/usr/share/texlive/texmf-dist/tex/latex/etoolbox/etoolbox.sty
Package: etoolbox 2020/10/05 v2.5k e-TeX tools for LaTeX (JAW)
\etb@tempcnta=\count280
)
\MT@toks=\toks26
\MT@tempbox=\box55
\MT@count=\count281
LaTeX Info: Redefining \noprotrusionifhmode on input line 1059.
LaTeX Info: Redefining \leftprotrusion on input line 1060.
\MT@prot@toks=\toks27
LaTeX Info: Redefining \rightprotrusion on input line 1078.
LaTeX Info: Redefining \textls on input line 1368.
\MT@outer@kern=\dimen173
LaTeX Info: Redefining \textmicrotypecontext on input line 1988.
\MT@listname@count=\count282

(/usr/share/texlive/texmf-dist/tex/latex/microtype/microtype-pdftex.def
File: microtype-pdftex.def 2023/03/13 v3.1a Definitions specific to pdftex (RS)

LaTeX Info: Redefining \lsstyle on input line 902.
LaTeX Info: Redefining \lslig on input line 902.
\MT@outer@space=\skip54
)
Package microtype Info: Loading configuration file microtype.cfg.

(/usr/share/texlive/texmf-dist/tex/latex/microtype/microtype.cfg
File: microtype.cfg 2023/03/13 v3.1a microtype main configuration file (RS)
))
(/usr/share/texlive/texmf-dist/tex/latex/parskip/parskip.sty
Package: parskip 2021-03-14 v2.0h non-zero parskip adjustments

(/usr/share/texlive/texmf-dist/tex/latex/kvoptions/kvoptions.sty
Package: kvoptions 2022-06-15 v3.15 Key value format for package options (HO)

(/usr/share/texlive/texmf-dist/tex/generic/ltxcmds/ltxcmds.sty
Package: ltxcmds 2023-12-04 v1.26 LaTeX kernel commands for general use (HO)
)
(/usr/share/texlive/texmf-dist/tex/latex/kvsetkeys/kvsetkeys.sty
Package: kvsetkeys 2022-10-05 v1.19 Key value parser (HO)
)))
(/usr/share/texlive/texmf-dist/tex/latex/xcolor/xcolor.sty
Package: xcolor 2023/11/15 v3.01 LaTeX color extensions (UK)

(/usr/share/texlive/texmf-dist/tex/latex/graphics-cfg/color.cfg
File: color.cfg 2016/01/02 v1.6 sample color configuration
)
Package xcolor Info: Driver file: pdftex.def on input line 274.

(/usr/share/texlive/texmf-dist/tex/latex/graphics-def/pdftex.def
File: pdftex.def 2022/09/22 v1.2b Graphics/color driver for pdftex
)
(/usr/share/texlive/texmf-dist/tex/latex/graphics/mathcolor.ltx)
Package xcolor Info: Model `cmy' substituted by `cmy0' on input line 1350.
Package xcolor Info: Model `hsb' substituted by `rgb' on input line 1354.
Package xcolor Info: Model `RGB' extended on input line 1366.
Package xcolor Info: Model `HTML' substituted by `rgb' on input line 1368.
Package xcolor Info: Model `Hsb' substituted by `hsb' on input line 1369.
Package xcolor Info: Model `tHsb' substituted by `hsb' on input line 1370.
Package xcolor Info: Model `HSB' substituted by `hsb' on input line 1371.
Package xcolor Info: Model `Gray' substituted by `gray' on input line 1372.
Package xcolor Info: Model `wave' substituted by `hsb' on input line 1373.
)
(/usr/share/texlive/texmf-dist/tex/latex/listings/listings.sty
\lst@mode=\count283
\lst@gtempboxa=\box56
\lst@token=\toks28
\lst@length=\count284
\lst@currlwidth=\dimen174
\lst@column=\count285
\lst@pos=\count286
\lst@lostspace=\dimen175
\lst@width=\dimen176
\lst@newlines=\count287
\lst@lineno=\count288
\lst@maxwidth=\dimen177

(/usr/share/texlive/texmf-dist/tex/latex/listings/lstmisc.sty
File: lstmisc.sty 2023/02/27 1.9 (Carsten Heinz)
\c@lstnumber=\count289
\lst@skipnumbers=\count290
\lst@framebox=\box57
)
(/usr/share/texlive/texmf-dist/tex/latex/listings/listings.cfg
File: listings.cfg 2023/02/27 1.9 listings configuration
))
Package: listings 2023/02/27 1.9 (Carsten Heinz)

(/usr/share/texlive/texmf-dist/tex/latex/tools/longtable.sty
Package: longtable 2023-11-01 v4.19 Multi-page Table package (DPC)
\LTleft=\skip55
\LTright=\skip56
\LTpre=\skip57
\LTpost=\skip58
\LTchunksize=\count291
\LTcapwidth=\dimen178
\LT@head=\box58
\LT@firsthead=\box59
\LT@foot=\box60
\LT@lastfoot=\box61
\LT@gbox=\box62
\LT@cols=\count292
\LT@rows=\count293
\c@LT@tables=\count294
\c@LT@chunks=\count295
\LT@p@ftn=\toks29
)
(/usr/share/texlive/texmf-dist/tex/latex/booktabs/booktabs.sty
Package: booktabs 2020/01/12 v1.61803398 Publication quality tables
\heavyrulewidth=\dimen179
\lightrulewidth=\dimen180
\cmidrulewidth=\dimen181
\belowrulesep=\dimen182
\belowbottomsep=\dimen183
\aboverulesep=\dimen184
\abovetopsep=\dimen185
\cmidrulesep=\dimen186
\cmidrulekern=\dimen187
\defaultaddspace=\dimen188
\@cmidla=\count296
\@cmidlb=\count297
\@aboverulesep=\dimen189
\@belowrulesep=\dimen190
\@thisruleclass=\count298
\@lastruleclass=\count299
\@thisrulewidth=\dimen191
)
(/usr/share/texlive/texmf-dist/tex/latex/tools/array.sty
Package: array 2023/10/16 v2.5g Tabular extension package (FMi)
\col@sep=\dimen192
\ar@mcellbox=\box63
\extrarowheight=\dimen193
\NC@list=\toks30
\extratabsurround=\skip59
\backup@length=\skip60
\ar@cellbox=\box64
)
(/usr/share/texlive/texmf-dist/tex/latex/tools/calc.sty
Package: calc 2023/07/08 v4.3 Infix arithmetic (KKT,FJ)
\calc@Acount=\count300
\calc@Bcount=\count301
\calc@Adimen=\dimen194
\calc@Bdimen=\dimen195
\calc@Askip=\skip61
\calc@Bskip=\skip62
LaTeX Info: Redefining \setlength on input line 80.
LaTeX Info: Redefining \addtolength on input line 81.
\calc@Ccount=\count302
\calc@Cskip=\skip63
)
(/usr/share/texlive/texmf-dist/tex/latex/footnotehyper/footnotehyper.sty
Package: footnotehyper 2021/08/13 v1.1e hyperref aware footnote.sty (JFB)
\FNH@notes=\box65
\FNH@width=\dimen196
\FNH@toks=\toks31
)
(/usr/share/texlive/texmf-dist/tex/latex/graphics/graphicx.sty
Package: graphicx 2021/09/16 v1.2d Enhanced LaTeX Graphics (DPC,SPQR)

(/usr/share/texlive/texmf-dist/tex/latex/graphics/graphics.sty
Package: graphics 2022/03/10 v1.4e Standard LaTeX Graphics (DPC,SPQR)

(/usr/share/texlive/texmf-dist/tex/latex/graphics/trig.sty
Package: trig 2021/08/11 v1.11 sin cos tan (DPC)
)
(/usr/share/texlive/texmf-dist/tex/latex/graphics-cfg/graphics.cfg
File: graphics.cfg 2016/06/04 v1.11 sample graphics configuration
)
Package graphics Info: Driver file: pdftex.def on input line 107.
)
\Gin@req@height=\dimen197
\Gin@req@width=\dimen198
)
(/usr/share/texlive/texmf-dist/tex/latex/base/fontenc.sty
Package: fontenc 2021/04/29 v2.0v Standard LaTeX package
LaTeX Font Info:    Trying to load font information for T1+lmr on input line 11
2.

(/usr/share/texmf/tex/latex/lm/t1lmr.fd
File: t1lmr.fd 2015/05/01 v1.6.1 Font defs for Latin Modern
))
   defining Unicode char U+0394 (decimal 916)
   defining Unicode char U+2212 (decimal 8722)

(/usr/share/texlive/texmf-dist/tex/latex/listingsutf8/listingsutf8.sty
Package: listingsutf8 2019-12-10 v1.5 Allow UTF-8 in listings input (HO)

(/usr/share/texlive/texmf-dist/tex/generic/pdftexcmds/pdftexcmds.sty
Package: pdftexcmds 2020-06-27 v0.33 Utility functions of pdfTeX for LuaTeX (HO
)

(/usr/share/texlive/texmf-dist/tex/generic/infwarerr/infwarerr.sty
Package: infwarerr 2019/12/03 v1.5 Providing info/warning/error messages (HO)
)
Package pdftexcmds Info: \pdf@primitive is available.
Package pdftexcmds Info: \pdf@ifprimitive is available.
Package pdftexcmds Info: \pdfdraftmode found.
)
(/usr/share/texlive/texmf-dist/tex/generic/stringenc/stringenc.sty
Package: stringenc 2019/11/29 v1.12 Convert strings between diff. encodings (HO
)

(/usr/share/texlive/texmf-dist/tex/generic/pdfescape/pdfescape.sty
Package: pdfescape 2019/12/09 v1.15 Implements pdfTeX's escape features (HO)
)))
(/usr/share/texlive/texmf-dist/tex/latex/xurl/xurl.sty
Package: xurl 2022/01/09 v 0.10 modify URL breaks

(/usr/share/texlive/texmf-dist/tex/latex/url/url.sty
\Urlmuskip=\muskip17
Package: url 2013/09/16  ver 3.4  Verb mode for urls, etc.
))
(/usr/share/texlive/texmf-dist/tex/latex/adjustbox/adjustbox.sty
Package: adjustbox 2022/10/17 v1.3a Adjusting TeX boxes (trim, clip, ...)

(/usr/share/texlive/texmf-dist/tex/latex/xkeyval/xkeyval.sty
Package: xkeyval 2022/06/16 v2.9 package option processing (HA)

(/usr/share/texlive/texmf-dist/tex/generic/xkeyval/xkeyval.tex
(/usr/share/texlive/texmf-dist/tex/generic/xkeyval/xkvutils.tex
\XKV@toks=\toks32
\XKV@tempa@toks=\toks33
)
\XKV@depth=\count303
File: xkeyval.tex 2014/12/03 v2.7a key=value parser (HA)
))
(/usr/share/texlive/texmf-dist/tex/latex/adjustbox/adjcalc.sty
Package: adjcalc 2012/05/16 v1.1 Provides advanced setlength with multiple back
-ends (calc, etex, pgfmath)
)
(/usr/share/texlive/texmf-dist/tex/latex/adjustbox/trimclip.sty
Package: trimclip 2020/08/19 v1.2 Trim and clip general TeX material

(/usr/share/texlive/texmf-dist/tex/latex/collectbox/collectbox.sty
Package: collectbox 2022/10/17 v0.4c Collect macro arguments as boxes
\collectedbox=\box66
)
\tc@llx=\dimen199
\tc@lly=\dimen256
\tc@urx=\dimen257
\tc@ury=\dimen258
Package trimclip Info: Using driver 'tc-pdftex.def'.

(/usr/share/texlive/texmf-dist/tex/latex/adjustbox/tc-pdftex.def
File: tc-pdftex.def 2019/01/04 v2.2 Clipping driver for pdftex
))
\adjbox@Width=\dimen259
\adjbox@Height=\dimen260
\adjbox@Depth=\dimen261
\adjbox@Totalheight=\dimen262
\adjbox@pwidth=\dimen263
\adjbox@pheight=\dimen264
\adjbox@pdepth=\dimen265
\adjbox@ptotalheight=\dimen266

(/usr/share/texlive/texmf-dist/tex/latex/ifoddpage/ifoddpage.sty
Package: ifoddpage 2022/10/18 v1.2 Conditionals for odd/even page detection
\c@checkoddpage=\count304
)
(/usr/share/texlive/texmf-dist/tex/latex/varwidth/varwidth.sty
Package: varwidth 2009/03/30 ver 0.92;  Variable-width minipages
\@vwid@box=\box67
\sift@deathcycles=\count305
\@vwid@loff=\dimen267
\@vwid@roff=\dimen268
))
(/usr/share/texlive/texmf-dist/tex/latex/pdflscape/pdflscape.sty
Package: pdflscape 2022-10-27 v0.13 Display of landscape pages in PDF

(/usr/share/texlive/texmf-dist/tex/latex/pdflscape/pdflscape-nometadata.sty
Package: pdflscape-nometadata 2022-10-28 v0.13 Display of landscape pages in PD
F (HO)

(/usr/share/texlive/texmf-dist/tex/latex/graphics/lscape.sty
Package: lscape 2020/05/28 v3.02 Landscape Pages (DPC)
)
Package pdflscape Info: Auto-detected driver: pdftex on input line 81.
))
(/usr/share/texlive/texmf-dist/tex/latex/tools/tabularx.sty
Package: tabularx 2023/07/08 v2.11c `tabularx' package (DPC)
\TX@col@width=\dimen269
\TX@old@table=\dimen270
\TX@old@col=\dimen271
\TX@target=\dimen272
\TX@delta=\dimen273
\TX@cols=\count306
\TX@ftn=\toks34
)
(/usr/share/texlive/texmf-dist/tex/latex/ragged2e/ragged2e.sty
Package: ragged2e 2023/06/22 v3.6 ragged2e Package
\CenteringLeftskip=\skip64
\RaggedLeftLeftskip=\skip65
\RaggedRightLeftskip=\skip66
\CenteringRightskip=\skip67
\RaggedLeftRightskip=\skip68
\RaggedRightRightskip=\skip69
\CenteringParfillskip=\skip70
\RaggedLeftParfillskip=\skip71
\RaggedRightParfillskip=\skip72
\JustifyingParfillskip=\skip73
\CenteringParindent=\skip74
\RaggedLeftParindent=\skip75
\RaggedRightParindent=\skip76
\JustifyingParindent=\skip77
)
(/usr/share/texlive/texmf-dist/tex/latex/seqsplit/seqsplit.sty
Package: seqsplit 2006/08/07 v0.1 Splitting long sequences (DNA, RNA, proteins,
 etc.) 
)
(/usr/share/texlive/texmf-dist/tex/latex/bookmark/bookmark.sty
Package: bookmark 2023-12-10 v1.31 PDF bookmarks (HO)

(/usr/share/texlive/texmf-dist/tex/latex/hyperref/hyperref.sty
Package: hyperref 2024-01-20 v7.01h Hypertext links for LaTeX

(/usr/share/texlive/texmf-dist/tex/generic/kvdefinekeys/kvdefinekeys.sty
Package: kvdefinekeys 2019-12-19 v1.6 Define keys (HO)
)
(/usr/share/texlive/texmf-dist/tex/latex/hycolor/hycolor.sty
Package: hycolor 2020-01-27 v1.10 Color options for hyperref/bookmark (HO)
)
(/usr/share/texlive/texmf-dist/tex/latex/auxhook/auxhook.sty
Package: auxhook 2019-12-17 v1.6 Hooks for auxiliary files (HO)
)
(/usr/share/texlive/texmf-dist/tex/latex/hyperref/nameref.sty
Package: nameref 2023-11-26 v2.56 Cross-referencing by name of section

(/usr/share/texlive/texmf-dist/tex/latex/refcount/refcount.sty
Package: refcount 2019/12/15 v3.6 Data extraction from label references (HO)
)
(/usr/share/texlive/texmf-dist/tex/generic/gettitlestring/gettitlestring.sty
Package: gettitlestring 2019/12/15 v1.6 Cleanup title references (HO)
)
\c@section@level=\count307
)
\@linkdim=\dimen274
\Hy@linkcounter=\count308
\Hy@pagecounter=\count309

(/usr/share/texlive/texmf-dist/tex/latex/hyperref/pd1enc.def
File: pd1enc.def 2024-01-20 v7.01h Hyperref: PDFDocEncoding definition (HO)
Now handling font encoding PD1 ...
... no UTF-8 mapping file for font encoding PD1
)
(/usr/share/texlive/texmf-dist/tex/generic/intcalc/intcalc.sty
Package: intcalc 2019/12/15 v1.3 Expandable calculations with integers (HO)
)
\Hy@SavedSpaceFactor=\count310

(/usr/share/texlive/texmf-dist/tex/latex/hyperref/puenc.def
File: puenc.def 2024-01-20 v7.01h Hyperref: PDF Unicode definition (HO)
Now handling font encoding PU ...
... no UTF-8 mapping file for font encoding PU
)
Package hyperref Info: Option `unicode' set `true' on input line 4062.
Package hyperref Info: Hyper figures OFF on input line 4179.
Package hyperref Info: Link nesting OFF on input line 4184.
Package hyperref Info: Hyper index ON on input line 4187.
Package hyperref Info: Plain pages OFF on input line 4194.
Package hyperref Info: Backreferencing OFF on input line 4199.
Package hyperref Info: Implicit mode ON; LaTeX internals redefined.
Package hyperref Info: Bookmarks ON on input line 4446.
\c@Hy@tempcnt=\count311
LaTeX Info: Redefining \url on input line 4784.
\XeTeXLinkMargin=\dimen275

(/usr/share/texlive/texmf-dist/tex/generic/bitset/bitset.sty
Package: bitset 2019/12/09 v1.3 Handle bit-vector datatype (HO)

(/usr/share/texlive/texmf-dist/tex/generic/bigintcalc/bigintcalc.sty
Package: bigintcalc 2019/12/15 v1.5 Expandable calculations on big integers (HO
)
))
\Fld@menulength=\count312
\Field@Width=\dimen276
\Fld@charsize=\dimen277
Package hyperref Info: Hyper figures OFF on input line 6063.
Package hyperref Info: Link nesting OFF on input line 6068.
Package hyperref Info: Hyper index ON on input line 6071.
Package hyperref Info: backreferencing OFF on input line 6078.
Package hyperref Info: Link coloring OFF on input line 6083.
Package hyperref Info: Link coloring with OCG OFF on input line 6088.
Package hyperref Info: PDF/A mode OFF on input line 6093.

(/usr/share/texlive/texmf-dist/tex/latex/base/atbegshi-ltx.sty
Package: atbegshi-ltx 2021/01/10 v1.0c Emulation of the original atbegshi
package with kernel methods
)
\Hy@abspage=\count313
\c@Item=\count314
\c@Hfootnote=\count315
)
Package hyperref Info: Driver (autodetected): hpdftex.

(/usr/share/texlive/texmf-dist/tex/latex/hyperref/hpdftex.def
File: hpdftex.def 2024-01-20 v7.01h Hyperref driver for pdfTeX

(/usr/share/texlive/texmf-dist/tex/latex/base/atveryend-ltx.sty
Package: atveryend-ltx 2020/08/19 v1.0a Emulation of the original atveryend pac
kage
with kernel methods
)
\Fld@listcount=\count316
\c@bookmark@seq@number=\count317

(/usr/share/texlive/texmf-dist/tex/latex/rerunfilecheck/rerunfilecheck.sty
Package: rerunfilecheck 2022-07-10 v1.10 Rerun checks for auxiliary files (HO)

(/usr/share/texlive/texmf-dist/tex/generic/uniquecounter/uniquecounter.sty
Package: uniquecounter 2019/12/15 v1.4 Provide unlimited unique counter (HO)
)
Package uniquecounter Info: New unique counter `rerunfilecheck' on input line 2
85.
)
\Hy@SectionHShift=\skip78
)
(/usr/share/texlive/texmf-dist/tex/latex/bookmark/bkm-pdftex.def
File: bkm-pdftex.def 2023-12-10 v1.31 bookmark driver for pdfTeX and luaTeX (HO
)
\BKM@id=\count318
))
(/usr/share/texlive/texmf-dist/tex/latex/l3backend/l3backend-pdftex.def
File: l3backend-pdftex.def 2024-01-04 L3 backend support: PDF output (pdfTeX)
\l__color_backend_stack_int=\count319
\l__pdf_internal_box=\box68
)
(/var/www/clients/client1/web3/web/research-review-en/research/deposit/build/ma
nuscript-peer-review-ieee.aux)
\openout1 = `manuscript-peer-review-ieee.aux'.

LaTeX Font Info:    Checking defaults for OML/cmm/m/it on input line 153.
LaTeX Font Info:    ... okay on input line 153.
LaTeX Font Info:    Checking defaults for OMS/cmsy/m/n on input line 153.
LaTeX Font Info:    ... okay on input line 153.
LaTeX Font Info:    Checking defaults for OT1/cmr/m/n on input line 153.
LaTeX Font Info:    ... okay on input line 153.
LaTeX Font Info:    Checking defaults for T1/cmr/m/n on input line 153.
LaTeX Font Info:    ... okay on input line 153.
LaTeX Font Info:    Checking defaults for TS1/cmr/m/n on input line 153.
LaTeX Font Info:    ... okay on input line 153.
LaTeX Font Info:    Checking defaults for OMX/cmex/m/n on input line 153.
LaTeX Font Info:    ... okay on input line 153.
LaTeX Font Info:    Checking defaults for U/cmr/m/n on input line 153.
LaTeX Font Info:    ... okay on input line 153.
LaTeX Font Info:    Checking defaults for PD1/pdf/m/n on input line 153.
LaTeX Font Info:    ... okay on input line 153.
LaTeX Font Info:    Checking defaults for PU/pdf/m/n on input line 153.
LaTeX Font Info:    ... okay on input line 153.

-- Lines per column: 52 (exact).
LaTeX Info: Redefining \microtypecontext on input line 153.
Package microtype Info: Applying patch `item' on input line 153.
Package microtype Info: Applying patch `toc' on input line 153.
Package microtype Info: Applying patch `eqnum' on input line 153.
Package microtype Info: Applying patch `footnote' on input line 153.
Package microtype Info: Applying patch `verbatim' on input line 153.
Package microtype Info: Generating PDF output.
Package microtype Info: Character protrusion enabled (level 2).
Package microtype Info: Using protrusion set `basicmath'.
Package microtype Info: Automatic font expansion enabled (level 2),
(microtype)             stretch: 20, shrink: 20, step: 1, non-selected.
Package microtype Info: Using default expansion set `alltext-nott'.
LaTeX Info: Redefining \showhyphens on input line 153.
Package microtype Info: No adjustment of tracking.
Package microtype Info: No adjustment of interword spacing.
Package microtype Info: No adjustment of character kerning.
(/usr/share/texlive/texmf-dist/tex/latex/microtype/mt-cmr.cfg
File: mt-cmr.cfg 2013/05/19 v2.2 microtype config. file: Computer Modern Roman 
(RS)
)
(/usr/share/texlive/texmf-dist/tex/context/base/mkii/supp-pdf.mkii
[Loading MPS to PDF converter (version 2006.09.02).]
\scratchcounter=\count320
\scratchdimen=\dimen278
\scratchbox=\box69
\nofMPsegments=\count321
\nofMParguments=\count322
\everyMPshowfont=\toks35
\MPscratchCnt=\count323
\MPscratchDim=\dimen279
\MPnumerator=\count324
\makeMPintoPDFobject=\count325
\everyMPtoPDFconversion=\toks36
) (/usr/share/texlive/texmf-dist/tex/latex/epstopdf-pkg/epstopdf-base.sty
Package: epstopdf-base 2020-01-24 v2.11 Base part for package epstopdf
Package epstopdf-base Info: Redefining graphics rule for `.eps' on input line 4
85.

(/usr/share/texlive/texmf-dist/tex/latex/latexconfig/epstopdf-sys.cfg
File: epstopdf-sys.cfg 2010/07/13 v1.3 Configuration of (r)epstopdf for TeX Liv
e
))
\c@lstlisting=\count326
Package hyperref Info: Link coloring OFF on input line 153.
Package microtype Info: Character `029' is missing
(microtype)             in font `T1/lmr/m/sc/11'.
(microtype)             Ignoring protrusion settings for this character.
LaTeX Font Info:    Trying to load font information for TS1+lmr on input line 1
61.

(/usr/share/texmf/tex/latex/lm/ts1lmr.fd
File: ts1lmr.fd 2015/05/01 v1.6.1 Font defs for Latin Modern
)
LaTeX Font Info:    Trying to load font information for T1+lmtt on input line 1
71.

(/usr/share/texmf/tex/latex/lm/t1lmtt.fd
File: t1lmtt.fd 2015/05/01 v1.6.1 Font defs for Latin Modern
)
LaTeX Font Info:    Calculating math sizes for size <11> on input line 183.
LaTeX Font Info:    Trying to load font information for OT1+lmr on input line 1
83.

(/usr/share/texmf/tex/latex/lm/ot1lmr.fd
File: ot1lmr.fd 2015/05/01 v1.6.1 Font defs for Latin Modern
)
LaTeX Font Info:    Trying to load font information for OML+lmm on input line 1
83.

(/usr/share/texmf/tex/latex/lm/omllmm.fd
File: omllmm.fd 2015/05/01 v1.6.1 Font defs for Latin Modern
)
LaTeX Font Info:    Trying to load font information for OMS+lmsy on input line 
183.

(/usr/share/texmf/tex/latex/lm/omslmsy.fd
File: omslmsy.fd 2015/05/01 v1.6.1 Font defs for Latin Modern
)
LaTeX Font Info:    Trying to load font information for OMX+lmex on input line 
183.

(/usr/share/texmf/tex/latex/lm/omxlmex.fd
File: omxlmex.fd 2015/05/01 v1.6.1 Font defs for Latin Modern
)
LaTeX Font Info:    External font `lmex10' loaded for size
(Font)              <11> on input line 183.
LaTeX Font Info:    External font `lmex10' loaded for size
(Font)              <7.69997> on input line 183.
LaTeX Font Info:    External font `lmex10' loaded for size
(Font)              <5.5> on input line 183.
LaTeX Font Info:    Trying to load font information for U+msa on input line 183
.

(/usr/share/texlive/texmf-dist/tex/latex/amsfonts/umsa.fd
File: umsa.fd 2013/01/14 v3.01 AMS symbols A
)
(/usr/share/texlive/texmf-dist/tex/latex/microtype/mt-msa.cfg
File: mt-msa.cfg 2006/02/04 v1.1 microtype config. file: AMS symbols (a) (RS)
)
LaTeX Font Info:    Trying to load font information for U+msb on input line 183
.

(/usr/share/texlive/texmf-dist/tex/latex/amsfonts/umsb.fd
File: umsb.fd 2013/01/14 v3.01 AMS symbols B
)
(/usr/share/texlive/texmf-dist/tex/latex/microtype/mt-msb.cfg
File: mt-msb.cfg 2005/06/01 v1.0 microtype config. file: AMS symbols (b) (RS)
) [0{/var/lib/texmf/fonts/map/pdftex/updmap/pdftex.map}{/usr/share/texmf/fonts/
enc/dvips/lm/lm-ec.enc}{/usr/share/texmf/fonts/enc/dvips/lm/lm-ts1.enc}{/usr/sh
are/texmf/fonts/enc/dvips/lm/lm-rm.enc}{/usr/share/texmf/fonts/enc/dvips/lm/lm-
mathit.enc}]
[1]
<research/peer-review/figures-png/fig01-paradigm-shift.png, id=44, 963.6pt x 29
5.1025pt>
File: research/peer-review/figures-png/fig01-paradigm-shift.png Graphic file (t
ype png)
<use research/peer-review/figures-png/fig01-paradigm-shift.png>
Package pdftex.def Info: research/peer-review/figures-png/fig01-paradigm-shift.
png  used on input line 376.
(pdftex.def)             Requested size: 464.39008pt x 142.21945pt.
<research/peer-review/figures-png/fig06-benchmark-freshness.png, id=46, 963.6pt
 x 330.23375pt>
File: research/peer-review/figures-png/fig06-benchmark-freshness.png Graphic fi
le (type png)
<use research/peer-review/figures-png/fig06-benchmark-freshness.png>
Package pdftex.def Info: research/peer-review/figures-png/fig06-benchmark-fresh
ness.png  used on input line 398.
(pdftex.def)             Requested size: 464.39008pt x 159.15033pt.
 [2 <./research/peer-review/figures-png/fig01-paradigm-shift.png> <./research/p
eer-review/figures-png/fig06-benchmark-freshness.png>]
<research/peer-review/figures-png/fig02-system-architecture.png, id=60, 963.6pt
 x 253.94875pt>
File: research/peer-review/figures-png/fig02-system-architecture.png Graphic fi
le (type png)
<use research/peer-review/figures-png/fig02-system-architecture.png>
Package pdftex.def Info: research/peer-review/figures-png/fig02-system-architec
ture.png  used on input line 454.
(pdftex.def)             Requested size: 464.39008pt x 122.38612pt.

Underfull \hbox (badness 10000) in paragraph at lines 471--477

 []


Underfull \hbox (badness 10000) in paragraph at lines 477--480

 []

[3{/usr/share/texmf/fonts/enc/dvips/lm/lm-mathsy.enc} <./research/peer-review/f
igures-png/fig02-system-architecture.png>]
Underfull \hbox (badness 2213) in paragraph at lines 516--520
[]\T1/lmr/m/n/11 (+20) Let $[][] \OT1/lmr/m/n/11 (+20) = []([]\OML/lmm/m/it/11 
; \OT1/lmr/m/n/11 (+20) 0\OML/lmm/m/it/11 ; \OT1/lmr/m/n/11 (+20) 100)$\T1/lmr/
m/n/11 (+20) . With di-rec-tion flag ``higher raw is worse'', $[][] \OT1/lmr/m/
n/11 (+20) =
 []

[4{/usr/share/texmf/fonts/enc/dvips/lm/lm-mathex.enc}]
LaTeX Font Info:    Font shape `T1/lmtt/bx/n' in size <11> not available
(Font)              Font shape `T1/lmtt/b/n' tried instead on input line 596.
LaTeX Font Info:    Font shape `T1/lmtt/bx/n' in size <9> not available
(Font)              Font shape `T1/lmtt/b/n' tried instead on input line 596.
LaTeX Font Info:    Trying to load font information for TS1+lmtt on input line 
617.

(/usr/share/texmf/tex/latex/lm/ts1lmtt.fd
File: ts1lmtt.fd 2015/05/01 v1.6.1 Font defs for Latin Modern
)
<research/peer-review/figures-png/fig03-nfsi-layers.png, id=93, 1606.0pt x 642.
4pt>
File: research/peer-review/figures-png/fig03-nfsi-layers.png Graphic file (type
 png)
<use research/peer-review/figures-png/fig03-nfsi-layers.png>
Package pdftex.def Info: research/peer-review/figures-png/fig03-nfsi-layers.png
  used on input line 672.
(pdftex.def)             Requested size: 464.38028pt x 185.7521pt.
 [5]
Underfull \hbox (badness 10000) in paragraph at lines 710--718
\T1/lmr/m/n/11 (+20) to the Layer[]4 keys $[]$, $[]$,
 []

<research/peer-review/figures-png/fig05-stress-fault-tree.png, id=146, 963.6pt 
x 369.38pt>
File: research/peer-review/figures-png/fig05-stress-fault-tree.png Graphic file
 (type png)
<use research/peer-review/figures-png/fig05-stress-fault-tree.png>
Package pdftex.def Info: research/peer-review/figures-png/fig05-stress-fault-tr
ee.png  used on input line 747.
(pdftex.def)             Requested size: 464.39008pt x 178.01619pt.
[6 <./research/peer-review/figures-png/fig03-nfsi-layers.png>]
Underfull \hbox (badness 10000) in alignment at lines 778--788
[] [] []
 []


Underfull \hbox (badness 10000) in alignment at lines 788--790
[] [] []
 []

LaTeX Font Info:    External font `lmex10' loaded for size
(Font)              <9> on input line 791.
LaTeX Font Info:    External font `lmex10' loaded for size
(Font)              <6> on input line 791.
LaTeX Font Info:    External font `lmex10' loaded for size
(Font)              <5> on input line 791.

Underfull \hbox (badness 10000) in alignment at lines 790--797
[] [] []
 []

[7 <./research/peer-review/figures-png/fig05-stress-fault-tree.png>]
Underfull \hbox (badness 10000) in paragraph at lines 962--966
[][][][][][][][][][][][][][][][][][][][][][][][][][][][][][][][][][][][][][][][
][][][][][][]\T1/lmr/m/n/11 (+20) )
 []

[8]
Underfull \hbox (badness 10000) in alignment at lines 976--986
[] [] []
 []


Underfull \hbox (badness 10000) in alignment at lines 986--988
[] [] []
 []


Underfull \hbox (badness 10000) in alignment at lines 988--1007
[] [] []
 []


Overfull \hbox (6.3263pt too wide) in alignment at lines 1051--1054
[] [] [] [] [] []
 []


Underfull \hbox (badness 10000) in paragraph at lines 1055--1055
[]|\T1/lmr/m/n/9 (+20) ACLED-style event fields
 []


Underfull \hbox (badness 10000) in paragraph at lines 1055--1055
\T1/lmr/m/n/9 (+20) (\T1/lmtt/m/n/9 fatalities \T1/lmr/m/n/9 (+20) + event-type

 []


Underfull \hbox (badness 2042) in paragraph at lines 1055--1056
[]|\T1/lmr/m/n/9 (+20) ACLED / fil-tered, ag-gre-
 []


Underfull \hbox (badness 10000) in paragraph at lines 1056--1056
[]|\T1/lmr/m/n/9 (+20) ACLED-style event fields
 []


Underfull \hbox (badness 10000) in paragraph at lines 1056--1056
\T1/lmr/m/n/9 (+20) (\T1/lmtt/m/n/9 fatalities \T1/lmr/m/n/9 (+20) + event-type

 []


Underfull \hbox (badness 2042) in paragraph at lines 1056--1057
[]|\T1/lmr/m/n/9 (+20) ACLED / fil-tered, ag-gre-
 []


Underfull \hbox (badness 2689) in paragraph at lines 1061--1062
[]|\T1/lmr/m/n/9 (+20) Cloudflare Terms of Use;
 []


Underfull \hbox (badness 2689) in paragraph at lines 1063--1064
[]|\T1/lmr/m/n/9 (+20) Cloudflare Terms of Use;
 []


Underfull \hbox (badness 2818) in paragraph at lines 1067--1067
[]|\T1/lmtt/m/n/9 value \T1/lmr/m/n/9 (+20) field for WB in-di-ca-tor
 []


Underfull \hbox (badness 2818) in paragraph at lines 1068--1068
[]|\T1/lmtt/m/n/9 value \T1/lmr/m/n/9 (+20) field for WB in-di-ca-tor
 []


Underfull \hbox (badness 2818) in paragraph at lines 1069--1069
[]|\T1/lmtt/m/n/9 value \T1/lmr/m/n/9 (+20) field for WB in-di-ca-tor
 []


Underfull \hbox (badness 2818) in paragraph at lines 1070--1070
[]|\T1/lmtt/m/n/9 value \T1/lmr/m/n/9 (+20) field for WB in-di-ca-tor
 []


Underfull \hbox (badness 2818) in paragraph at lines 1073--1073
[]|\T1/lmtt/m/n/9 value \T1/lmr/m/n/9 (+20) field for WB in-di-ca-tor
 []


Underfull \hbox (badness 2818) in paragraph at lines 1074--1074
[]|\T1/lmtt/m/n/9 value \T1/lmr/m/n/9 (+20) field for WB in-di-ca-tor
 []


Underfull \hbox (badness 2818) in paragraph at lines 1075--1075
[]|\T1/lmtt/m/n/9 value \T1/lmr/m/n/9 (+20) field for WB in-di-ca-tor
 []


Underfull \hbox (badness 2818) in paragraph at lines 1076--1076
[]|\T1/lmtt/m/n/9 value \T1/lmr/m/n/9 (+20) field for WB in-di-ca-tor
 []


Underfull \hbox (badness 2818) in paragraph at lines 1077--1077
[]|\T1/lmtt/m/n/9 value \T1/lmr/m/n/9 (+20) field for WB in-di-ca-tor
 []


Underfull \hbox (badness 2818) in paragraph at lines 1078--1078
[]|\T1/lmtt/m/n/9 value \T1/lmr/m/n/9 (+20) field for WB in-di-ca-tor
 []


Underfull \hbox (badness 2818) in paragraph at lines 1079--1079
[]|\T1/lmtt/m/n/9 value \T1/lmr/m/n/9 (+20) field for WB in-di-ca-tor
 []


Underfull \hbox (badness 2818) in paragraph at lines 1080--1080
[]|\T1/lmtt/m/n/9 value \T1/lmr/m/n/9 (+20) field for WB in-di-ca-tor
 []


Underfull \hbox (badness 2818) in paragraph at lines 1081--1081
[]|\T1/lmtt/m/n/9 value \T1/lmr/m/n/9 (+20) field for WB in-di-ca-tor
 []


Underfull \hbox (badness 2818) in paragraph at lines 1082--1082
[]|\T1/lmtt/m/n/9 value \T1/lmr/m/n/9 (+20) field for WB in-di-ca-tor
 []


Underfull \hbox (badness 2818) in paragraph at lines 1083--1083
[]|\T1/lmtt/m/n/9 value \T1/lmr/m/n/9 (+20) field for WB in-di-ca-tor
 []


Underfull \hbox (badness 2818) in paragraph at lines 1084--1084
[]|\T1/lmtt/m/n/9 value \T1/lmr/m/n/9 (+20) field for WB in-di-ca-tor
 []


Underfull \hbox (badness 10000) in paragraph at lines 1087--1088
[]|\T1/lmr/m/n/9 (+20) GDACS Terms of Use;
 []


Underfull \hbox (badness 10000) in paragraph at lines 1088--1089
[]|\T1/lmr/m/n/9 (+20) Refer to Source Link;
 []


Underfull \hbox (badness 10000) in paragraph at lines 1089--1090
[]|\T1/lmr/m/n/9 (+20) Refer to Source Link;
 []


Underfull \hbox (badness 10000) in paragraph at lines 1090--1091
[]|\T1/lmr/m/n/9 (+20) Refer to Source Link;
 []


Underfull \hbox (badness 10000) in paragraph at lines 1091--1092
[]|\T1/lmr/m/n/9 (+20) Refer to Source Link;
 []


Underfull \hbox (badness 10000) in paragraph at lines 1092--1093
[]|\T1/lmr/m/n/9 (+20) Refer to Source Link;
 []


Underfull \hbox (badness 10000) in paragraph at lines 1093--1094
[]|\T1/lmr/m/n/9 (+20) Refer to Source Link;
 []


Underfull \hbox (badness 5475) in paragraph at lines 1094--1095
\T1/lmr/m/n/9 (+20) - Pub-lic Do-main (DOJ);
 []


Underfull \hbox (badness 10000) in paragraph at lines 1097--1098
[]|\T1/lmr/m/n/9 (+20) Internal pro-cess-ing for
 []


Underfull \hbox (badness 10000) in paragraph at lines 1097--1098
\T1/lmr/m/n/9 (+20) Na-tion-Files In-tel-li-gence;
 []


Overfull \hbox (2.82463pt too wide) in paragraph at lines 1099--1099
[]|\T1/lmr/m/n/9 (-20) NfRawNewsSignalsEventRisk| 
 []


Underfull \hbox (badness 10000) in paragraph at lines 1102--1103
[]|\T1/lmr/m/n/9 (+20) Refer to Source Link;
 []


Underfull \hbox (badness 10000) in paragraph at lines 1103--1104
[]|\T1/lmr/m/n/9 (+20) Refer to Source Link;
 []


Underfull \hbox (badness 10000) in paragraph at lines 1104--1105
[]|\T1/lmr/m/n/9 (+20) U.S. Gov-ern-ment Work;
 []


Overfull \hbox (39.95456pt too wide) in paragraph at lines 1106--1106
[]|\T1/lmr/m/n/9 (-20) warning,partial_warning,situation_warning| 
 []


Underfull \hbox (badness 10000) in paragraph at lines 1106--1107
[]|\T1/lmr/m/n/9 (+20) Refer to Source Link;
 []


Underfull \hbox (badness 10000) in paragraph at lines 1107--1108
[]|\T1/lmr/m/n/9 (+20) Refer to Source Link;
 []


Underfull \hbox (badness 10000) in paragraph at lines 1109--1110
[]|\T1/lmr/m/n/9 (+20) USGS Pub-lic Do-main;
 []


Underfull \hbox (badness 10000) in paragraph at lines 1110--1111
[]|\T1/lmr/m/n/9 (+20) Refer to repos-i-tory;
 []


Overfull \hbox (6.3263pt too wide) in alignment at lines 1054--1111
[] [] [] [] [] []
 []

[9] [10] [11]
Underfull \hbox (badness 10000) in paragraph at lines 1139--1142

 []


Underfull \hbox (badness 10000) in paragraph at lines 1142--1145

 []

[12]
Overfull \hbox (8.75752pt too wide) in paragraph at lines 1363--1363
[]|[] 
 []

[13]
Underfull \hbox (badness 10000) in alignment at lines 1418--1422
[] [] []
 []


Underfull \hbox (badness 10000) in alignment at lines 1422--1424
[] [] []
 []


Underfull \hbox (badness 10000) in alignment at lines 1424--1427
[] [] []
 []


Underfull \hbox (badness 10000) in alignment at lines 1460--1470
[] [] []
 []


Underfull \hbox (badness 10000) in alignment at lines 1470--1472
[] [] []
 []


Underfull \hbox (badness 10000) in alignment at lines 1472--1479
[] [] []
 []


Underfull \hbox (badness 10000) in alignment at lines 1499--1509
[] [] []
 []


Underfull \hbox (badness 10000) in alignment at lines 1509--1511
[] [] []
 []


Underfull \hbox (badness 10000) in alignment at lines 1511--1518
[] [] []
 []

[14]
Underfull \hbox (badness 10000) in alignment at lines 1538--1552
[] [] [] [] []
 []


Underfull \hbox (badness 10000) in alignment at lines 1552--1554
[] [] [] [] []
 []


Underfull \hbox (badness 10000) in alignment at lines 1554--1570
[] [] [] [] []
 []

<research/peer-review/figures-png/fig08-sensitivity-mean-abs.png, id=243, 1284.
8pt x 722.7pt>
File: research/peer-review/figures-png/fig08-sensitivity-mean-abs.png Graphic f
ile (type png)
<use research/peer-review/figures-png/fig08-sensitivity-mean-abs.png>
Package pdftex.def Info: research/peer-review/figures-png/fig08-sensitivity-mea
n-abs.png  used on input line 1578.
(pdftex.def)             Requested size: 464.39008pt x 261.2194pt.
[15] [16 <./research/peer-review/figures-png/fig08-sensitivity-mean-abs.png>]
[17] [18] [19] [20] [21] [22]
Overfull \hbox (7.6778pt too wide) in alignment at lines 2364--2367
[] [] [] []
 []


Overfull \hbox (7.6778pt too wide) in alignment at lines 2367--2381
[] [] [] []
 []


Overfull \hbox (7.6778pt too wide) in alignment at lines 2393--2396
[] [] [] []
 []


Overfull \hbox (7.6778pt too wide) in alignment at lines 2396--2417
[] [] [] []
 []

[23]
Overfull \hbox (7.6778pt too wide) in alignment at lines 2429--2432
[] [] [] []
 []


Overfull \hbox (7.6778pt too wide) in alignment at lines 2432--2437
[] [] [] []
 []

[24] [25]
Underfull \hbox (badness 10000) in alignment at lines 2561--2571
[] [] []
 []


Underfull \hbox (badness 10000) in alignment at lines 2571--2573
[] [] []
 []


Underfull \hbox (badness 10000) in alignment at lines 2573--2591
[] [] []
 []

[26]
Underfull \hbox (badness 10000) in alignment at lines 2626--2636
[] [] []
 []


Underfull \hbox (badness 10000) in alignment at lines 2636--2638
[] [] []
 []


Overfull \hbox (46.92517pt too wide) in paragraph at lines 2669--2670
[][] 
 []


Overfull \hbox (28.0252pt too wide) in paragraph at lines 2703--2704
[][] 
 []


Overfull \hbox (42.20018pt too wide) in paragraph at lines 2706--2707
[][] 
 []


Overfull \hbox (9.12524pt too wide) in paragraph at lines 2709--2710
[][] 
 []


Overfull \hbox (9.12524pt too wide) in paragraph at lines 2712--2713
[][] 
 []


Overfull \hbox (42.20018pt too wide) in paragraph at lines 2752--2753
[][] 
 []


Overfull \hbox (18.57523pt too wide) in paragraph at lines 2755--2756
[][] 
 []


Overfull \hbox (18.57523pt too wide) in paragraph at lines 2758--2759
[][] 
 []


Overfull \hbox (32.7502pt too wide) in paragraph at lines 2761--2762
[][] 
 []


Underfull \hbox (badness 10000) in alignment at lines 2638--2778
[] [] []
 []

[27

] [28] [29]
(/var/www/clients/client1/web3/web/research-review-en/research/deposit/build/ma
nuscript-peer-review-ieee.aux)
 ***********
LaTeX2e <2023-11-01> patch level 1
L3 programming layer <2024-01-22>
 ***********
 ) 
Here is how much of TeX's memory you used:
 18222 strings out of 476182
 292101 string characters out of 5795596
 2452975 words of memory out of 5000000
 39176 multiletter control sequences out of 15000+600000
 788544 words of font info for 358 fonts, out of 8000000 for 9000
 14 hyphenation exceptions out of 8191
 77i,11n,81p,1523b,1976s stack positions out of 10000i,1000n,20000p,200000b,200000s
</usr/share/texmf/fonts/type1/public/lm/lmbx12.pfb></usr/share/texmf/fonts/ty
pe1/public/lm/lmbx9.pfb></usr/share/texmf/fonts/type1/public/lm/lmbxi10.pfb></u
sr/share/texmf/fonts/type1/public/lm/lmcsc10.pfb></usr/share/texmf/fonts/type1/
public/lm/lmex10.pfb></usr/share/texmf/fonts/type1/public/lm/lmmi12.pfb></usr/s
hare/texmf/fonts/type1/public/lm/lmmi6.pfb></usr/share/texmf/fonts/type1/public
/lm/lmmi8.pfb></usr/share/texmf/fonts/type1/public/lm/lmmi9.pfb></usr/share/tex
mf/fonts/type1/public/lm/lmr12.pfb></usr/share/texmf/fonts/type1/public/lm/lmr1
7.pfb></usr/share/texmf/fonts/type1/public/lm/lmr6.pfb></usr/share/texmf/fonts/
type1/public/lm/lmr8.pfb></usr/share/texmf/fonts/type1/public/lm/lmr9.pfb></usr
/share/texmf/fonts/type1/public/lm/lmri12.pfb></usr/share/texmf/fonts/type1/pub
lic/lm/lmsy10.pfb></usr/share/texmf/fonts/type1/public/lm/lmsy6.pfb></usr/share
/texmf/fonts/type1/public/lm/lmsy8.pfb></usr/share/texmf/fonts/type1/public/lm/
lmsy9.pfb></usr/share/texmf/fonts/type1/public/lm/lmtk10.pfb></usr/share/texmf/
fonts/type1/public/lm/lmtt12.pfb></usr/share/texmf/fonts/type1/public/lm/lmtt9.
pfb></usr/share/texmf/fonts/type1/public/lm/lmtti10.pfb>
Output written on /var/www/clients/client1/web3/web/research-review-en/research
/deposit/build/manuscript-peer-review-ieee.pdf (30 pages, 759610 bytes).
PDF statistics:
 834 PDF objects out of 1000 (max. 8388607)
 730 compressed objects within 8 object streams
 335 named destinations out of 1000 (max. 500000)
 61871 words of extra memory for PDF output out of 61914 (max. 10000000)

